// Jest Snapshot v1, https://goo.gl/fbAQLP

exports[`should render ExpenseList with expenses 1`] = `
<div>
  <h1>
    Expense List
  </h1>
  <ExpenseListItem
    amount={199}
    createdAt={"1970-01-01T00:00:00.000Z"}
    description="Gum"
    id="1"
    key="1"
    note=""
  />
  <ExpenseListItem
    amount={109500}
    createdAt={-345600000}
    description="Rent"
    id="2"
    key="2"
    note=""
  />
  <ExpenseListItem
    amount={1200}
    createdAt={345600000}
    description="Beer"
    id="3"
    key="3"
    note=""
  />
  <ExpenseListItem
    amount={60000}
    createdAt={518400000}
    description="Hookers"
    id="4"
    key="4"
    note=""
  />
</div>
`;
